before

*test*message*stack_overflow.js:13
function stackOverflow() {
                      ^
RangeError: Maximum call stack size exceeded
