before

*test*message*throw_custom_error.js:13
throw ({ name: 'MyCustomError', message: 'This is a custom message' });
^
MyCustomError: This is a custom message
